// Jest Snapshot v1, https://goo.gl/fbAQLP

exports[`formats a number into currency 1`] = `"$10,000"`;
